2026-05-30T02:07:47.253624Z 0 [System] [MY-015017] [Server] MySQL Server Initialization - start.
2026-05-30T02:07:47.258803Z 0 [System] [MY-013169] [Server] C:\Program Files\MySQL\MySQL Server 8.4\bin\mysqld.exe (mysqld 8.4.9) initializing of server in progress as process 6176
2026-05-30T02:07:47.279247Z 1 [System] [MY-013576] [InnoDB] InnoDB initialization has started.
2026-05-30T02:07:47.588716Z 1 [System] [MY-013577] [InnoDB] InnoDB initialization has ended.
2026-05-30T02:07:48.579506Z 6 [Warning] [MY-010453] [Server] root@localhost is created with an empty password ! Please consider switching off the --initialize-insecure option.
2026-05-30T02:07:50.049054Z 0 [System] [MY-015018] [Server] MySQL Server Initialization - end.
2026-05-30T07:31:47.414072Z 0 [System] [MY-015015] [Server] MySQL Server - start.
2026-05-30T07:31:47.590329Z 0 [System] [MY-010116] [Server] C:\Program Files\MySQL\MySQL Server 8.4\bin\mysqld.exe (mysqld 8.4.9) starting as process 7024
2026-05-30T07:31:47.614560Z 1 [System] [MY-013576] [InnoDB] InnoDB initialization has started.
2026-05-30T07:31:48.121002Z 1 [System] [MY-013577] [InnoDB] InnoDB initialization has ended.
2026-05-30T07:31:48.362721Z 0 [System] [MY-010229] [Server] Starting XA crash recovery...
2026-05-30T07:31:48.367148Z 0 [System] [MY-010232] [Server] XA crash recovery finished.
2026-05-30T07:31:48.504739Z 0 [Warning] [MY-010068] [Server] CA certificate ca.pem is self signed.
2026-05-30T07:31:48.505123Z 0 [System] [MY-013602] [Server] Channel mysql_main configured to support TLS. Encrypted connections are now supported for this channel.
2026-05-30T07:31:48.562947Z 0 [System] [MY-011323] [Server] X Plugin ready for connections. Bind-address: '::' port: 33060
2026-05-30T07:31:48.563315Z 0 [System] [MY-010931] [Server] C:\Program Files\MySQL\MySQL Server 8.4\bin\mysqld.exe: ready for connections. Version: '8.4.9'  socket: ''  port: 3306  MySQL Community Server - GPL.
2026-05-31T23:06:35.746383Z 0 [System] [MY-015015] [Server] MySQL Server - start.
2026-05-31T23:06:35.889643Z 0 [System] [MY-010116] [Server] C:\Program Files\MySQL\MySQL Server 8.4\bin\mysqld.exe (mysqld 8.4.9) starting as process 5920
2026-05-31T23:06:35.909265Z 1 [System] [MY-013576] [InnoDB] InnoDB initialization has started.
2026-05-31T23:06:36.279400Z 1 [System] [MY-013577] [InnoDB] InnoDB initialization has ended.
2026-05-31T23:06:36.401676Z 0 [System] [MY-010229] [Server] Starting XA crash recovery...
2026-05-31T23:06:36.405014Z 0 [System] [MY-010232] [Server] XA crash recovery finished.
2026-05-31T23:06:36.549084Z 0 [Warning] [MY-010068] [Server] CA certificate ca.pem is self signed.
2026-05-31T23:06:36.549294Z 0 [System] [MY-013602] [Server] Channel mysql_main configured to support TLS. Encrypted connections are now supported for this channel.
2026-05-31T23:06:36.700609Z 0 [System] [MY-011323] [Server] X Plugin ready for connections. Bind-address: '::' port: 33060
2026-05-31T23:06:36.700898Z 0 [System] [MY-010931] [Server] C:\Program Files\MySQL\MySQL Server 8.4\bin\mysqld.exe: ready for connections. Version: '8.4.9'  socket: ''  port: 3306  MySQL Community Server - GPL.
